// Jest Snapshot v1, https://goo.gl/fbAQLP

exports[`SignUp Component renders the UI as expected 1`] = `
Array [
  <header
    className="logo"
  >
    <h1
      className="main-heading"
    >
      <a
        href="/"
        onClick={[Function]}
      >
        Fin Stack
      </a>
    </h1>
    <span
      className="user"
    >
      
    </span>
  </header>,
  <main
    className="main-container"
  >
    <section
      className="form-container sign-up-container"
    >
      <h2>
        CREATE ACCOUNT
      </h2>
      <form
        className="form sign-up-form"
        onSubmit={[Function]}
      >
        <div
          className="label-control"
        >
          <input
            aria-describedby="fullnameError"
            aria-invalid="true"
            aria-label="fullname"
            aria-required="true"
            autoComplete="off"
            className="input"
            id="fullname"
            name="fullname"
            onChange={[Function]}
            required={true}
            type="text"
            value=""
          />
          <label
            className="label"
            htmlFor="fullname"
          >
            <span
              className="content"
            >
              Fullname
            </span>
          </label>
          <div
            className="errorMessage"
            id="fullnameError"
          />
        </div>
        <div
          className="label-control"
        >
          <input
            aria-describedby="usernameError"
            aria-invalid="true"
            aria-label="username"
            aria-required="true"
            autoComplete="off"
            className="input"
            id="username"
            name="username"
            onChange={[Function]}
            required={true}
            type="text"
            value=""
          />
          <label
            className="label"
            htmlFor="username"
          >
            <span
              className="content"
            >
              Username
            </span>
          </label>
          <div
            className="errorMessage"
            id="usernameError"
          />
          <div
            className="errorMessage"
          />
        </div>
        <div
          className="label-control"
        >
          <input
            aria-describedby="passwordError"
            aria-invalid="true"
            aria-label="password"
            aria-required="true"
            className="input"
            id="password"
            name="password"
            onChange={[Function]}
            required={true}
            type="password"
            value=""
          />
          <label
            className="label"
            htmlFor="password"
          >
            <span
              className="content"
            >
              Password
            </span>
          </label>
          <div
            className="errorMessage"
            id="passwordError"
          />
        </div>
        <div
          className="label-control"
        >
          <input
            aria-describedby="confirmPasswordError"
            aria-invalid="true"
            aria-label="confirm-password"
            aria-required="true"
            className="input"
            id="confirm-password"
            name="confirm-password"
            onChange={[Function]}
            required={true}
            type="password"
            value=""
          />
          <label
            className="label"
            htmlFor="confirm-password"
          >
            <span
              className="content"
            >
              Confirm Password
            </span>
          </label>
          <div
            className="errorMessage"
            id="confirmPasswordError"
          />
        </div>
        <div
          className="buttons"
          id="btns"
        >
          <button
            className="btn"
            type="submit"
          >
            Sign Up
          </button>
          <p
            className="to-signin"
          >
            Already have an account?
          </p>
          <button
            className="btn"
            onClick={[Function]}
            type="button"
          >
            LogIn
          </button>
        </div>
        <div
          className="fetchErrorMessage"
        >
          
        </div>
        <div
          className="sign-up successMessage"
        />
      </form>
    </section>
  </main>,
  <footer>
    <p>
      ©Meet 2021
    </p>
  </footer>,
]
`;

exports[`SignUp Component renders the UI when a function prop is added to SignUp component 1`] = `
Array [
  <header
    className="logo"
  >
    <h1
      className="main-heading"
    >
      <a
        href="/"
        onClick={[Function]}
      >
        Fin Stack
      </a>
    </h1>
    <span
      className="user"
    >
      
    </span>
  </header>,
  <main
    className="main-container"
  >
    <section
      className="form-container sign-up-container"
    >
      <h2>
        CREATE ACCOUNT
      </h2>
      <form
        className="form sign-up-form"
        onSubmit={[Function]}
      >
        <div
          className="label-control"
        >
          <input
            aria-describedby="fullnameError"
            aria-invalid="true"
            aria-label="fullname"
            aria-required="true"
            autoComplete="off"
            className="input"
            id="fullname"
            name="fullname"
            onChange={[Function]}
            required={true}
            type="text"
            value=""
          />
          <label
            className="label"
            htmlFor="fullname"
          >
            <span
              className="content"
            >
              Fullname
            </span>
          </label>
          <div
            className="errorMessage"
            id="fullnameError"
          />
        </div>
        <div
          className="label-control"
        >
          <input
            aria-describedby="usernameError"
            aria-invalid="true"
            aria-label="username"
            aria-required="true"
            autoComplete="off"
            className="input"
            id="username"
            name="username"
            onChange={[Function]}
            required={true}
            type="text"
            value=""
          />
          <label
            className="label"
            htmlFor="username"
          >
            <span
              className="content"
            >
              Username
            </span>
          </label>
          <div
            className="errorMessage"
            id="usernameError"
          />
          <div
            className="errorMessage"
          />
        </div>
        <div
          className="label-control"
        >
          <input
            aria-describedby="passwordError"
            aria-invalid="true"
            aria-label="password"
            aria-required="true"
            className="input"
            id="password"
            name="password"
            onChange={[Function]}
            required={true}
            type="password"
            value=""
          />
          <label
            className="label"
            htmlFor="password"
          >
            <span
              className="content"
            >
              Password
            </span>
          </label>
          <div
            className="errorMessage"
            id="passwordError"
          />
        </div>
        <div
          className="label-control"
        >
          <input
            aria-describedby="confirmPasswordError"
            aria-invalid="true"
            aria-label="confirm-password"
            aria-required="true"
            className="input"
            id="confirm-password"
            name="confirm-password"
            onChange={[Function]}
            required={true}
            type="password"
            value=""
          />
          <label
            className="label"
            htmlFor="confirm-password"
          >
            <span
              className="content"
            >
              Confirm Password
            </span>
          </label>
          <div
            className="errorMessage"
            id="confirmPasswordError"
          />
        </div>
        <div
          className="buttons"
          id="btns"
        >
          <button
            className="btn"
            type="submit"
          >
            Sign Up
          </button>
          <p
            className="to-signin"
          >
            Already have an account?
          </p>
          <button
            className="btn"
            onClick={[Function]}
            type="button"
          >
            LogIn
          </button>
        </div>
        <div
          className="fetchErrorMessage"
        >
          
        </div>
        <div
          className="sign-up successMessage"
        />
      </form>
    </section>
  </main>,
  <footer>
    <p>
      ©Meet 2021
    </p>
  </footer>,
]
`;
